2025-07-18 14:56:10 [restartedMain] INFO  com.ra.ss9.Ss9Application - Starting Ss9Application using Java 21.0.7 with PID 3004 (C:\allcode\javaService\ss9\build\classes\java\main started by quang in C:\allcode\javaService\ss9)
2025-07-18 14:56:10 [restartedMain] INFO  com.ra.ss9.Ss9Application - No active profile set, falling back to 1 default profile: "default"
2025-07-18 14:56:12 [restartedMain] INFO  com.zaxxer.hikari.HikariDataSource - HikariPool-1 - Starting...
2025-07-18 14:56:16 [restartedMain] INFO  com.ra.ss9.Ss9Application - Started Ss9Application in 7.73 seconds (process running for 9.103)
2025-07-18 14:56:16 [restartedMain] INFO  c.ra.ss9.loggingdemo.LoggingExample - Log INFO: hệ thống đang hoạt động bình thường.
2025-07-18 14:57:33 [restartedMain] INFO  com.ra.ss9.Ss9Application - Starting Ss9Application using Java 21.0.7 with PID 3004 (C:\allcode\javaService\ss9\build\classes\java\main started by quang in C:\allcode\javaService\ss9)
2025-07-18 14:57:33 [restartedMain] INFO  com.ra.ss9.Ss9Application - No active profile set, falling back to 1 default profile: "default"
2025-07-18 14:57:34 [restartedMain] INFO  com.zaxxer.hikari.HikariDataSource - HikariPool-2 - Starting...
2025-07-18 14:57:35 [restartedMain] INFO  com.ra.ss9.Ss9Application - Started Ss9Application in 2.153 seconds (process running for 88.246)
2025-07-18 14:57:35 [restartedMain] INFO  c.ra.ss9.loggingdemo.LoggingExample - Log INFO: hệ thống đang hoạt động bình thường.
2025-07-18 14:58:18 [restartedMain] INFO  com.ra.ss9.Ss9Application - Starting Ss9Application using Java 21.0.7 with PID 3004 (C:\allcode\javaService\ss9\build\classes\java\main started by quang in C:\allcode\javaService\ss9)
2025-07-18 14:58:18 [restartedMain] INFO  com.ra.ss9.Ss9Application - No active profile set, falling back to 1 default profile: "default"
2025-07-18 14:58:18 [restartedMain] INFO  com.zaxxer.hikari.HikariDataSource - HikariPool-3 - Starting...
2025-07-18 14:58:20 [restartedMain] INFO  com.ra.ss9.Ss9Application - Started Ss9Application in 1.933 seconds (process running for 132.486)
2025-07-18 14:58:20 [restartedMain] INFO  c.ra.ss9.loggingdemo.LoggingExample - Log INFO: hệ thống đang hoạt động bình thường.
2025-07-18 14:58:21 [restartedMain] INFO  com.ra.ss9.Ss9Application - Starting Ss9Application using Java 21.0.7 with PID 3004 (C:\allcode\javaService\ss9\build\classes\java\main started by quang in C:\allcode\javaService\ss9)
2025-07-18 14:58:21 [restartedMain] INFO  com.ra.ss9.Ss9Application - No active profile set, falling back to 1 default profile: "default"
2025-07-18 14:58:22 [restartedMain] INFO  com.zaxxer.hikari.HikariDataSource - HikariPool-4 - Starting...
2025-07-18 14:58:23 [restartedMain] INFO  com.ra.ss9.Ss9Application - Started Ss9Application in 1.628 seconds (process running for 135.595)
2025-07-18 14:58:23 [restartedMain] INFO  c.ra.ss9.loggingdemo.LoggingExample - Log INFO: hệ thống đang hoạt động bình thường.
2025-07-18 15:15:11 [restartedMain] INFO  com.ra.ss9.Ss9Application - Starting Ss9Application using Java 21.0.7 with PID 5768 (C:\allcode\javaService\ss9\build\classes\java\main started by quang in C:\allcode\javaService\ss9)
2025-07-18 15:15:11 [restartedMain] INFO  com.ra.ss9.Ss9Application - No active profile set, falling back to 1 default profile: "default"
2025-07-18 15:15:12 [restartedMain] INFO  com.zaxxer.hikari.HikariDataSource - HikariPool-1 - Starting...
2025-07-18 15:15:14 [restartedMain] INFO  com.ra.ss9.Ss9Application - Started Ss9Application in 3.308 seconds (process running for 3.699)
2025-07-18 15:15:14 [restartedMain] INFO  c.ra.ss9.loggingdemo.LoggingExample - Log INFO: hệ thống đang hoạt động bình thường.
2025-07-18 15:17:34 [restartedMain] INFO  com.ra.ss9.Ss9Application - Starting Ss9Application using Java 21.0.7 with PID 16120 (C:\allcode\javaService\ss9\build\classes\java\main started by quang in C:\allcode\javaService\ss9)
2025-07-18 15:17:34 [restartedMain] INFO  com.ra.ss9.Ss9Application - No active profile set, falling back to 1 default profile: "default"
2025-07-18 15:17:35 [restartedMain] INFO  com.zaxxer.hikari.HikariDataSource - HikariPool-1 - Starting...
2025-07-18 15:17:36 [restartedMain] INFO  com.zaxxer.hikari.pool.HikariPool - HikariPool-1 - Added connection com.mysql.cj.jdbc.ConnectionImpl@49e45267
2025-07-18 15:17:36 [restartedMain] INFO  com.zaxxer.hikari.HikariDataSource - HikariPool-1 - Start completed.
2025-07-18 15:17:38 [restartedMain] INFO  com.ra.ss9.Ss9Application - Started Ss9Application in 4.718 seconds (process running for 5.293)
2025-07-18 15:17:38 [restartedMain] INFO  c.ra.ss9.loggingdemo.LoggingExample - Log INFO: hệ thống đang hoạt động bình thường.
2025-07-18 15:25:40 [SpringApplicationShutdownHook] INFO  com.zaxxer.hikari.HikariDataSource - HikariPool-1 - Shutdown initiated...
2025-07-18 15:25:40 [SpringApplicationShutdownHook] INFO  com.zaxxer.hikari.HikariDataSource - HikariPool-1 - Shutdown completed.
2025-07-18 15:25:45 [restartedMain] INFO  com.ra.ss9.Ss9Application - Starting Ss9Application using Java 21.0.7 with PID 8924 (C:\allcode\javaService\ss9\build\classes\java\main started by quang in C:\allcode\javaService\ss9)
2025-07-18 15:25:45 [restartedMain] INFO  com.ra.ss9.Ss9Application - No active profile set, falling back to 1 default profile: "default"
2025-07-18 15:25:48 [restartedMain] INFO  com.zaxxer.hikari.HikariDataSource - HikariPool-1 - Starting...
2025-07-18 15:25:48 [restartedMain] INFO  com.zaxxer.hikari.pool.HikariPool - HikariPool-1 - Added connection com.mysql.cj.jdbc.ConnectionImpl@59f8d69e
2025-07-18 15:25:48 [restartedMain] INFO  com.zaxxer.hikari.HikariDataSource - HikariPool-1 - Start completed.
2025-07-18 15:25:50 [restartedMain] INFO  com.ra.ss9.Ss9Application - Started Ss9Application in 5.1 seconds (process running for 5.974)
2025-07-18 15:25:50 [restartedMain] INFO  c.ra.ss9.loggingdemo.LoggingExample - Log INFO: hệ thống đang hoạt động bình thường.
2025-07-18 15:28:09 [SpringApplicationShutdownHook] INFO  com.zaxxer.hikari.HikariDataSource - HikariPool-1 - Shutdown initiated...
2025-07-18 15:28:09 [SpringApplicationShutdownHook] INFO  com.zaxxer.hikari.HikariDataSource - HikariPool-1 - Shutdown completed.
2025-07-18 15:28:14 [restartedMain] INFO  com.ra.ss9.Ss9Application - Starting Ss9Application using Java 21.0.7 with PID 16924 (C:\allcode\javaService\ss9\build\classes\java\main started by quang in C:\allcode\javaService\ss9)
2025-07-18 15:28:14 [restartedMain] INFO  com.ra.ss9.Ss9Application - No active profile set, falling back to 1 default profile: "default"
2025-07-18 15:28:17 [restartedMain] INFO  com.zaxxer.hikari.HikariDataSource - HikariPool-1 - Starting...
2025-07-18 15:28:17 [restartedMain] INFO  com.zaxxer.hikari.pool.HikariPool - HikariPool-1 - Added connection com.mysql.cj.jdbc.ConnectionImpl@6bc445c2
2025-07-18 15:28:17 [restartedMain] INFO  com.zaxxer.hikari.HikariDataSource - HikariPool-1 - Start completed.
2025-07-18 15:28:18 [restartedMain] INFO  com.ra.ss9.Ss9Application - Started Ss9Application in 5.323 seconds (process running for 6.324)
2025-07-18 15:28:18 [restartedMain] INFO  c.ra.ss9.loggingdemo.LoggingExample - Log INFO: hệ thống đang hoạt động bình thường.
2025-07-18 15:30:33 [SpringApplicationShutdownHook] INFO  com.zaxxer.hikari.HikariDataSource - HikariPool-1 - Shutdown initiated...
2025-07-18 15:30:33 [SpringApplicationShutdownHook] INFO  com.zaxxer.hikari.HikariDataSource - HikariPool-1 - Shutdown completed.
2025-07-18 15:30:37 [restartedMain] INFO  com.ra.ss9.Ss9Application - Starting Ss9Application using Java 21.0.7 with PID 16008 (C:\allcode\javaService\ss9\build\classes\java\main started by quang in C:\allcode\javaService\ss9)
2025-07-18 15:30:37 [restartedMain] INFO  com.ra.ss9.Ss9Application - No active profile set, falling back to 1 default profile: "default"
2025-07-18 15:30:40 [restartedMain] INFO  com.zaxxer.hikari.HikariDataSource - HikariPool-1 - Starting...
2025-07-18 15:30:40 [restartedMain] INFO  com.zaxxer.hikari.pool.HikariPool - HikariPool-1 - Added connection com.mysql.cj.jdbc.ConnectionImpl@190bba57
2025-07-18 15:30:40 [restartedMain] INFO  com.zaxxer.hikari.HikariDataSource - HikariPool-1 - Start completed.
2025-07-18 15:30:42 [restartedMain] INFO  com.ra.ss9.Ss9Application - Started Ss9Application in 4.989 seconds (process running for 5.794)
2025-07-18 15:30:42 [restartedMain] INFO  c.ra.ss9.loggingdemo.LoggingExample - Log INFO: hệ thống đang hoạt động bình thường.
2025-07-18 15:30:42 [http-nio-9999-exec-1] INFO  c.r.s.c.ImageUploadController - Nhận yêu cầu upload ảnh với tên: null
2025-07-18 15:31:01 [http-nio-9999-exec-5] INFO  c.r.s.c.ImageUploadController - Nhận yêu cầu upload ảnh với tên: null
2025-07-18 15:31:51 [SpringApplicationShutdownHook] INFO  com.zaxxer.hikari.HikariDataSource - HikariPool-1 - Shutdown initiated...
2025-07-18 15:31:51 [SpringApplicationShutdownHook] INFO  com.zaxxer.hikari.HikariDataSource - HikariPool-1 - Shutdown completed.
2025-07-18 15:31:56 [restartedMain] INFO  com.ra.ss9.Ss9Application - Starting Ss9Application using Java 21.0.7 with PID 14944 (C:\allcode\javaService\ss9\build\classes\java\main started by quang in C:\allcode\javaService\ss9)
2025-07-18 15:31:56 [restartedMain] INFO  com.ra.ss9.Ss9Application - No active profile set, falling back to 1 default profile: "default"
2025-07-18 15:31:59 [restartedMain] INFO  com.zaxxer.hikari.HikariDataSource - HikariPool-1 - Starting...
2025-07-18 15:31:59 [restartedMain] INFO  com.zaxxer.hikari.pool.HikariPool - HikariPool-1 - Added connection com.mysql.cj.jdbc.ConnectionImpl@7ac27bab
2025-07-18 15:31:59 [restartedMain] INFO  com.zaxxer.hikari.HikariDataSource - HikariPool-1 - Start completed.
2025-07-18 15:32:01 [restartedMain] INFO  com.ra.ss9.Ss9Application - Started Ss9Application in 5.653 seconds (process running for 7.299)
2025-07-18 15:32:01 [restartedMain] INFO  c.ra.ss9.loggingdemo.LoggingExample - Log INFO: hệ thống đang hoạt động bình thường.
2025-07-18 15:34:01 [http-nio-9999-exec-1] INFO  c.r.s.c.ImageUploadController - Nhận yêu cầu upload ảnh với tên: null
2025-07-18 15:34:01 [http-nio-9999-exec-4] INFO  c.r.s.c.ImageUploadController - Nhận yêu cầu upload ảnh với tên: null
2025-07-18 15:34:01 [SpringApplicationShutdownHook] INFO  com.zaxxer.hikari.HikariDataSource - HikariPool-1 - Shutdown initiated...
2025-07-18 15:34:01 [SpringApplicationShutdownHook] INFO  com.zaxxer.hikari.HikariDataSource - HikariPool-1 - Shutdown completed.
2025-07-18 15:34:05 [restartedMain] INFO  com.ra.ss9.Ss9Application - Starting Ss9Application using Java 21.0.7 with PID 18956 (C:\allcode\javaService\ss9\build\classes\java\main started by quang in C:\allcode\javaService\ss9)
2025-07-18 15:34:05 [restartedMain] INFO  com.ra.ss9.Ss9Application - No active profile set, falling back to 1 default profile: "default"
2025-07-18 15:34:08 [restartedMain] INFO  com.zaxxer.hikari.HikariDataSource - HikariPool-1 - Starting...
2025-07-18 15:34:09 [restartedMain] INFO  com.zaxxer.hikari.pool.HikariPool - HikariPool-1 - Added connection com.mysql.cj.jdbc.ConnectionImpl@1e5fc66a
2025-07-18 15:34:09 [restartedMain] INFO  com.zaxxer.hikari.HikariDataSource - HikariPool-1 - Start completed.
2025-07-18 15:34:10 [restartedMain] INFO  com.ra.ss9.Ss9Application - Started Ss9Application in 5.389 seconds (process running for 6.306)
2025-07-18 15:34:10 [restartedMain] INFO  c.ra.ss9.loggingdemo.LoggingExample - Log INFO: hệ thống đang hoạt động bình thường.
2025-07-18 15:34:11 [http-nio-9999-exec-2] INFO  c.r.s.c.ImageUploadController - Nhận yêu cầu upload ảnh với tên: null
2025-07-18 15:35:28 [http-nio-9999-exec-3] INFO  c.r.s.c.ImageUploadController - Nhận yêu cầu upload ảnh với tên: org.springframework.web.multipart.support.StandardMultipartHttpServletRequest$StandardMultipartFile@4259393b
2025-07-18 15:35:28 [http-nio-9999-exec-3] INFO  c.ra.ss9.service.CloudinaryService - Bắt đầu upload ảnh: anh1.jpg
2025-07-18 15:36:16 [Thread-6] INFO  com.zaxxer.hikari.HikariDataSource - HikariPool-1 - Shutdown initiated...
2025-07-18 15:36:17 [Thread-6] INFO  com.zaxxer.hikari.HikariDataSource - HikariPool-1 - Shutdown completed.
2025-07-18 15:36:17 [restartedMain] INFO  com.ra.ss9.Ss9Application - Starting Ss9Application using Java 21.0.7 with PID 18956 (C:\allcode\javaService\ss9\build\classes\java\main started by quang in C:\allcode\javaService\ss9)
2025-07-18 15:36:17 [restartedMain] INFO  com.ra.ss9.Ss9Application - No active profile set, falling back to 1 default profile: "default"
2025-07-18 15:36:17 [restartedMain] INFO  com.zaxxer.hikari.HikariDataSource - HikariPool-2 - Starting...
2025-07-18 15:36:17 [restartedMain] INFO  com.zaxxer.hikari.pool.HikariPool - HikariPool-2 - Added connection com.mysql.cj.jdbc.ConnectionImpl@465c98fd
2025-07-18 15:36:17 [restartedMain] INFO  com.zaxxer.hikari.HikariDataSource - HikariPool-2 - Start completed.
2025-07-18 15:36:18 [restartedMain] INFO  com.ra.ss9.Ss9Application - Started Ss9Application in 1.098 seconds (process running for 134.01)
2025-07-18 15:36:18 [restartedMain] INFO  c.ra.ss9.loggingdemo.LoggingExample - Log INFO: hệ thống đang hoạt động bình thường.
2025-07-18 15:36:19 [Thread-8] INFO  com.zaxxer.hikari.HikariDataSource - HikariPool-2 - Shutdown initiated...
2025-07-18 15:36:19 [Thread-8] INFO  com.zaxxer.hikari.HikariDataSource - HikariPool-2 - Shutdown completed.
2025-07-18 15:36:19 [restartedMain] INFO  com.ra.ss9.Ss9Application - Starting Ss9Application using Java 21.0.7 with PID 18956 (C:\allcode\javaService\ss9\build\classes\java\main started by quang in C:\allcode\javaService\ss9)
2025-07-18 15:36:19 [restartedMain] INFO  com.ra.ss9.Ss9Application - No active profile set, falling back to 1 default profile: "default"
2025-07-18 15:36:20 [restartedMain] INFO  com.zaxxer.hikari.HikariDataSource - HikariPool-3 - Starting...
2025-07-18 15:36:20 [restartedMain] INFO  com.zaxxer.hikari.pool.HikariPool - HikariPool-3 - Added connection com.mysql.cj.jdbc.ConnectionImpl@68d47a44
2025-07-18 15:36:20 [restartedMain] INFO  com.zaxxer.hikari.HikariDataSource - HikariPool-3 - Start completed.
2025-07-18 15:36:20 [restartedMain] INFO  com.ra.ss9.Ss9Application - Started Ss9Application in 0.813 seconds (process running for 136.308)
2025-07-18 15:36:20 [restartedMain] INFO  c.ra.ss9.loggingdemo.LoggingExample - Log INFO: hệ thống đang hoạt động bình thường.
2025-07-18 15:36:50 [SpringApplicationShutdownHook] INFO  com.zaxxer.hikari.HikariDataSource - HikariPool-3 - Shutdown initiated...
2025-07-18 15:36:50 [SpringApplicationShutdownHook] INFO  com.zaxxer.hikari.HikariDataSource - HikariPool-3 - Shutdown completed.
2025-07-18 15:36:54 [restartedMain] INFO  com.ra.ss9.Ss9Application - Starting Ss9Application using Java 21.0.7 with PID 17460 (C:\allcode\javaService\ss9\build\classes\java\main started by quang in C:\allcode\javaService\ss9)
2025-07-18 15:36:54 [restartedMain] INFO  com.ra.ss9.Ss9Application - No active profile set, falling back to 1 default profile: "default"
2025-07-18 15:36:57 [restartedMain] INFO  com.zaxxer.hikari.HikariDataSource - HikariPool-1 - Starting...
2025-07-18 15:36:57 [restartedMain] INFO  com.zaxxer.hikari.pool.HikariPool - HikariPool-1 - Added connection com.mysql.cj.jdbc.ConnectionImpl@4c3c0eb
2025-07-18 15:36:57 [restartedMain] INFO  com.zaxxer.hikari.HikariDataSource - HikariPool-1 - Start completed.
2025-07-18 15:36:58 [restartedMain] INFO  com.ra.ss9.Ss9Application - Started Ss9Application in 4.717 seconds (process running for 5.589)
2025-07-18 15:36:58 [restartedMain] INFO  c.ra.ss9.loggingdemo.LoggingExample - Log INFO: hệ thống đang hoạt động bình thường.
2025-07-18 15:37:02 [http-nio-9999-exec-1] INFO  c.r.s.c.ImageUploadController - Nhận yêu cầu upload ảnh với tên: org.springframework.web.multipart.support.StandardMultipartHttpServletRequest$StandardMultipartFile@1bd08ad6
2025-07-18 15:37:02 [http-nio-9999-exec-1] INFO  c.ra.ss9.service.CloudinaryService - Bắt đầu upload ảnh: anh1.jpg
2025-07-18 15:37:04 [http-nio-9999-exec-1] INFO  c.ra.ss9.service.CloudinaryService - Upload thành công. URL ảnh: http://res.cloudinary.com/dfireq2op/image/upload/v1752827825/qlfdghppkmyp3lalh0kt.jpg
2025-07-18 15:37:49 [http-nio-9999-exec-4] INFO  c.r.s.c.ImageUploadController - Nhận yêu cầu upload ảnh với tên: org.springframework.web.multipart.support.StandardMultipartHttpServletRequest$StandardMultipartFile@4352b18d
2025-07-18 15:37:49 [http-nio-9999-exec-4] INFO  c.ra.ss9.service.CloudinaryService - Bắt đầu upload ảnh: ảnh phi phai.jpg
2025-07-18 15:37:50 [http-nio-9999-exec-4] INFO  c.ra.ss9.service.CloudinaryService - Upload thành công. URL ảnh: http://res.cloudinary.com/dfireq2op/image/upload/v1752827871/cg9mpkaampzvzp46kene.jpg
2025-07-18 15:39:01 [Thread-6] INFO  com.zaxxer.hikari.HikariDataSource - HikariPool-1 - Shutdown initiated...
2025-07-18 15:39:01 [Thread-6] INFO  com.zaxxer.hikari.HikariDataSource - HikariPool-1 - Shutdown completed.
2025-07-18 15:39:01 [restartedMain] INFO  com.ra.ss9.Ss9Application - Starting Ss9Application using Java 21.0.7 with PID 17460 (C:\allcode\javaService\ss9\build\classes\java\main started by quang in C:\allcode\javaService\ss9)
2025-07-18 15:39:01 [restartedMain] INFO  com.ra.ss9.Ss9Application - No active profile set, falling back to 1 default profile: "default"
2025-07-18 15:39:01 [restartedMain] INFO  com.zaxxer.hikari.HikariDataSource - HikariPool-2 - Starting...
2025-07-18 15:39:01 [restartedMain] INFO  com.zaxxer.hikari.pool.HikariPool - HikariPool-2 - Added connection com.mysql.cj.jdbc.ConnectionImpl@25f2de52
2025-07-18 15:39:01 [restartedMain] INFO  com.zaxxer.hikari.HikariDataSource - HikariPool-2 - Start completed.
2025-07-18 15:39:01 [restartedMain] INFO  com.ra.ss9.Ss9Application - Started Ss9Application in 0.299 seconds (process running for 128.059)
2025-07-18 15:39:01 [restartedMain] INFO  c.ra.ss9.loggingdemo.LoggingExample - Log INFO: hệ thống đang hoạt động bình thường.
2025-07-18 15:41:28 [Thread-8] INFO  com.zaxxer.hikari.HikariDataSource - HikariPool-2 - Shutdown initiated...
2025-07-18 15:41:28 [Thread-8] INFO  com.zaxxer.hikari.HikariDataSource - HikariPool-2 - Shutdown completed.
2025-07-18 15:41:28 [restartedMain] INFO  com.ra.ss9.Ss9Application - Starting Ss9Application using Java 21.0.7 with PID 17460 (C:\allcode\javaService\ss9\build\classes\java\main started by quang in C:\allcode\javaService\ss9)
2025-07-18 15:41:28 [restartedMain] INFO  com.ra.ss9.Ss9Application - No active profile set, falling back to 1 default profile: "default"
2025-07-18 15:41:28 [restartedMain] INFO  com.zaxxer.hikari.HikariDataSource - HikariPool-3 - Starting...
2025-07-18 15:41:28 [restartedMain] INFO  com.zaxxer.hikari.pool.HikariPool - HikariPool-3 - Added connection com.mysql.cj.jdbc.ConnectionImpl@90b0340
2025-07-18 15:41:28 [restartedMain] INFO  com.zaxxer.hikari.HikariDataSource - HikariPool-3 - Start completed.
2025-07-18 15:41:28 [restartedMain] INFO  com.ra.ss9.Ss9Application - Started Ss9Application in 0.312 seconds (process running for 275.627)
2025-07-18 15:41:28 [restartedMain] INFO  c.ra.ss9.loggingdemo.LoggingExample - Log INFO: hệ thống đang hoạt động bình thường.
2025-07-18 15:41:34 [Thread-13] INFO  com.zaxxer.hikari.HikariDataSource - HikariPool-3 - Shutdown initiated...
2025-07-18 15:41:34 [Thread-13] INFO  com.zaxxer.hikari.HikariDataSource - HikariPool-3 - Shutdown completed.
2025-07-18 15:41:34 [restartedMain] INFO  com.ra.ss9.Ss9Application - Starting Ss9Application using Java 21.0.7 with PID 17460 (C:\allcode\javaService\ss9\build\classes\java\main started by quang in C:\allcode\javaService\ss9)
2025-07-18 15:41:34 [restartedMain] INFO  com.ra.ss9.Ss9Application - No active profile set, falling back to 1 default profile: "default"
2025-07-18 15:41:35 [restartedMain] INFO  com.zaxxer.hikari.HikariDataSource - HikariPool-4 - Starting...
2025-07-18 15:41:35 [restartedMain] INFO  com.zaxxer.hikari.pool.HikariPool - HikariPool-4 - Added connection com.mysql.cj.jdbc.ConnectionImpl@62c05199
2025-07-18 15:41:35 [restartedMain] INFO  com.zaxxer.hikari.HikariDataSource - HikariPool-4 - Start completed.
2025-07-18 15:41:35 [restartedMain] INFO  com.ra.ss9.Ss9Application - Started Ss9Application in 0.267 seconds (process running for 281.749)
2025-07-18 15:41:35 [restartedMain] INFO  c.ra.ss9.loggingdemo.LoggingExample - Log INFO: hệ thống đang hoạt động bình thường.
2025-07-18 15:41:37 [SpringApplicationShutdownHook] INFO  com.zaxxer.hikari.HikariDataSource - HikariPool-4 - Shutdown initiated...
2025-07-18 15:41:37 [SpringApplicationShutdownHook] INFO  com.zaxxer.hikari.HikariDataSource - HikariPool-4 - Shutdown completed.
2025-07-18 15:41:39 [restartedMain] INFO  com.ra.ss9.Ss9Application - Starting Ss9Application using Java 21.0.7 with PID 6616 (C:\allcode\javaService\ss9\build\classes\java\main started by quang in C:\allcode\javaService\ss9)
2025-07-18 15:41:39 [restartedMain] INFO  com.ra.ss9.Ss9Application - No active profile set, falling back to 1 default profile: "default"
2025-07-18 15:41:40 [restartedMain] INFO  com.zaxxer.hikari.HikariDataSource - HikariPool-1 - Starting...
2025-07-18 15:41:40 [restartedMain] INFO  com.zaxxer.hikari.pool.HikariPool - HikariPool-1 - Added connection com.mysql.cj.jdbc.ConnectionImpl@3f345262
2025-07-18 15:41:40 [restartedMain] INFO  com.zaxxer.hikari.HikariDataSource - HikariPool-1 - Start completed.
2025-07-18 15:41:41 [restartedMain] INFO  com.ra.ss9.Ss9Application - Started Ss9Application in 2.335 seconds (process running for 2.839)
2025-07-18 15:41:41 [restartedMain] INFO  c.ra.ss9.loggingdemo.LoggingExample - Log INFO: hệ thống đang hoạt động bình thường.
2025-07-18 15:43:58 [http-nio-9999-exec-6] INFO  c.ra.ss9.controller.DemoController - Yêu cầu chia: 10/2
2025-07-18 15:45:36 [Thread-6] INFO  com.zaxxer.hikari.HikariDataSource - HikariPool-1 - Shutdown initiated...
2025-07-18 15:45:36 [Thread-6] INFO  com.zaxxer.hikari.HikariDataSource - HikariPool-1 - Shutdown completed.
2025-07-18 15:55:00 [restartedMain] INFO  com.ra.ss9.Ss9Application - Starting Ss9Application using Java 21.0.7 with PID 14720 (C:\allcode\javaService\ss9\build\classes\java\main started by quang in C:\allcode\javaService\ss9)
2025-07-18 15:55:00 [restartedMain] INFO  com.ra.ss9.Ss9Application - No active profile set, falling back to 1 default profile: "default"
2025-07-18 15:55:03 [restartedMain] INFO  com.zaxxer.hikari.HikariDataSource - HikariPool-1 - Starting...
2025-07-18 15:55:05 [restartedMain] INFO  com.ra.ss9.Ss9Application - Started Ss9Application in 5.816 seconds (process running for 6.7)
2025-07-18 15:55:05 [restartedMain] INFO  c.ra.ss9.loggingdemo.LoggingExample - Log INFO: hệ thống đang hoạt động bình thường.
2025-07-18 15:55:08 [http-nio-9999-exec-1] INFO  c.r.s.c.StructuredLogController - User Kazama is accessing structured logging API
2025-07-18 15:55:23 [http-nio-9999-exec-4] INFO  c.r.s.c.StructuredLogController - User Kazama is accessing structured logging API
2025-07-18 16:00:15 [http-nio-9999-exec-7] INFO  c.r.s.c.StructuredLogController - User Kazama is accessing structured logging API
